HTTP_ERROR:
{"statusCode":403,"name":"validation_error","message":"You can only send testing emails to your own email address (jsshmrgs@gmail.com). To send emails to other recipients, please verify a domain at resend.com/domains, and change the `from` address to an email using this domain."}